<html>
<body>
<pre>
<h1>µVision Build Log</h1>
<h2>Project:</h2>
C:\Tony\working\lpc4300\lpc43xx\Examples\I2C\I2c_EmuMaster\Keil\I2c_EmuMaster.uvproj
Project File Date:  05/31/2012

<h2>Output:</h2>
Build target 'Hitex Flash'
assembling startup_LPC43xx.s...
compiling system_LPC43xx.c...
compiling debug_frmwrk.c...
compiling lpc43xx_uart.c...
compiling lpc43xx_scu.c...
compiling lpc43xx_cgu.c...
compiling lpc43xx_gpio.c...
compiling m24xx.c...
compiling I2c_EmuMaster.c...
compiling i2c_bitbanging.c...
compiling pca9532.c...
linking...
Program Size: Code=11060 RO-data=1628 RW-data=476 ZI-data=2052  
FromELF: creating hex file...
User command #1: fromelf --bin -o "C:\Tony\working\lpc4300\lpc43xx\Examples\I2C\I2c_EmuMaster\Keil\Hitex Flash\example.bin" "C:\Tony\working\lpc4300\lpc43xx\Examples\I2C\I2c_EmuMaster\Keil\Hitex Flash\example.axf"
".\Hitex Flash\example.axf" - 0 Error(s), 0 Warning(s).
