ARM Linker, 4.1 [Build 894] [Evaluation]

==============================================================================

Section Cross References

    startup_lpc43xx.o(RESET) refers to startup_lpc43xx.o(STACK) for __initial_sp
    startup_lpc43xx.o(RESET) refers to startup_lpc43xx.o(.text) for Reset_Handler
    startup_lpc43xx.o(RESET) refers to sgpio_pg.o(.text) for SGPIO_IRQHandler
    startup_lpc43xx.o(.text) refers to entry.o(.ARM.Collect$$$$00000000) for __main
    system_lpc43xx.o(.text) refers to system_lpc43xx.o(.data) for .data
    lpc43xx_cgu.o(.text) refers to uidiv.o(.text) for __aeabi_uidivmod
    lpc43xx_cgu.o(.text) refers to lpc43xx_scu.o(.text) for scu_pinmux
    lpc43xx_cgu.o(.text) refers to lpc43xx_cgu.o(.data) for .data
    lpc43xx_cgu.o(.text) refers to lpc43xx_cgu.o(.constdata) for .constdata
    lpc43xx_gpdma.o(.text) refers to lpc43xx_gpdma.o(.data) for .data
    lpc43xx_gpdma.o(.text) refers to lpc43xx_gpdma.o(.constdata) for .constdata
    sgpio_pg.o(.text) refers to lpc43xx_gpdma.o(.text) for GPDMA_ChannelCmd
    sgpio_pg.o(.text) refers to sgpio_pg.o(.data) for .data
    main_m4.o(.text) refers to memcpya.o(.text) for __aeabi_memcpy4
    main_m4.o(.text) refers to lpc43xx_cgu.o(.text) for CGU_SetXTALOSC
    main_m4.o(.text) refers to sgpio_pg.o(.text) for start_m0
    main_m4.o(.text) refers to main_m4.o(.data) for .data
    entry.o(.ARM.Collect$$$$00000000) refers (Special) to entry7b.o(.ARM.Collect$$$$00000008) for _main_clock
    entry.o(.ARM.Collect$$$$00000000) refers (Special) to entry8.o(.ARM.Collect$$$$00000009) for _main_init
    entry.o(.ARM.Collect$$$$00000000) refers (Special) to entry5.o(.ARM.Collect$$$$00000004) for _main_scatterload
    entry.o(.ARM.Collect$$$$00000000) refers (Special) to entry2.o(.ARM.Collect$$$$00000001) for _main_stk
    entry2.o(.ARM.Collect$$$$00000001) refers to entry2.o(.ARM.Collect$$$$00002712) for __lit__00000000
    entry2.o(.ARM.Collect$$$$00002712) refers to startup_lpc43xx.o(STACK) for __initial_sp
    entry2.o(__vectab_stack_and_reset_area) refers to startup_lpc43xx.o(STACK) for __initial_sp
    entry2.o(__vectab_stack_and_reset_area) refers to entry.o(.ARM.Collect$$$$00000000) for __main
    entry5.o(.ARM.Collect$$$$00000004) refers to init.o(.text) for __scatterload
    entry8.o(.ARM.Collect$$$$00000009) refers to main_m4.o(.text) for main
    init.o(.text) refers to entry5.o(.ARM.Collect$$$$00000004) for __main_after_scatterload


==============================================================================

Removing Unused input sections from the image.

    Removing startup_lpc43xx.o(HEAP), (0 bytes).
    Removing system_lpc43xx.o(.emb_text), (8 bytes).
    Removing system_lpc43xx.o(.text), (32 bytes).
    Removing system_lpc43xx.o(.data), (4 bytes).
    Removing lpc43xx_scu.o(.emb_text), (8 bytes).
    Removing lpc43xx_cgu.o(.emb_text), (8 bytes).
    Removing lpc43xx_gpdma.o(.emb_text), (8 bytes).
    Removing sgpio_pg.o(.emb_text), (8 bytes).
    Removing main_m4.o(.emb_text), (8 bytes).
    Removing main_m4.o(.data), (4 bytes).
    Removing main_m4.o(.data), (4 bytes).

11 unused section(s) (total 92 bytes) removed from the image.

==============================================================================

Adding Veneers to the image

    Adding TT veneer (12 bytes, Long) for call to 'GPDMA_ChannelCmd' from sgpio_pg.o(.text).
    Adding TT veneer (12 bytes, Long) for call to 'GPDMA_Init' from sgpio_pg.o(.text).

2 Veneer(s) (total 24 bytes) added to the image.

==============================================================================

Image Symbol Table

    Local Symbols

    Symbol Name                              Value     Ov Type        Size  Object(Section)

    ../../microlib/division.c                0x00000000   Number         0  uidiv.o ABSOLUTE
    ../../microlib/init/entry.s              0x00000000   Number         0  entry7b.o ABSOLUTE
    ../../microlib/init/entry.s              0x00000000   Number         0  entry7a.o ABSOLUTE
    ../../microlib/init/entry.s              0x00000000   Number         0  entry5.o ABSOLUTE
    ../../microlib/init/entry.s              0x00000000   Number         0  entry2.o ABSOLUTE
    ../../microlib/init/entry.s              0x00000000   Number         0  entry.o ABSOLUTE
    ../../microlib/init/entry.s              0x00000000   Number         0  entry8.o ABSOLUTE
    ../../microlib/string/memcpy.c           0x00000000   Number         0  memcpya.o ABSOLUTE
    ../../microlib/string/memcpy.c           0x00000000   Number         0  memcpyb.o ABSOLUTE
    ..\..\..\..\Core\Device\NXP\LPC43xx\Source\Templates\ARM\startup_LPC43xx.s 0x00000000   Number         0  startup_lpc43xx.o ABSOLUTE
    ..\..\..\..\Core\Device\NXP\LPC43xx\Source\Templates\system_LPC43xx.c 0x00000000   Number         0  system_lpc43xx.o ABSOLUTE
    ..\..\..\..\Drivers\source\lpc43xx_cgu.c 0x00000000   Number         0  lpc43xx_cgu.o ABSOLUTE
    ..\..\..\..\Drivers\source\lpc43xx_gpdma.c 0x00000000   Number         0  lpc43xx_gpdma.o ABSOLUTE
    ..\..\..\..\Drivers\source\lpc43xx_scu.c 0x00000000   Number         0  lpc43xx_scu.o ABSOLUTE
    ..\Sgpio_pg.c                            0x00000000   Number         0  sgpio_pg.o ABSOLUTE
    ..\\..\\..\\..\\Core\\Device\\NXP\\LPC43xx\\Source\\Templates\\system_LPC43xx.c 0x00000000   Number         0  system_lpc43xx.o ABSOLUTE
    ..\\..\\..\\..\\Drivers\\source\\lpc43xx_cgu.c 0x00000000   Number         0  lpc43xx_cgu.o ABSOLUTE
    ..\\..\\..\\..\\Drivers\\source\\lpc43xx_gpdma.c 0x00000000   Number         0  lpc43xx_gpdma.o ABSOLUTE
    ..\\..\\..\\..\\Drivers\\source\\lpc43xx_scu.c 0x00000000   Number         0  lpc43xx_scu.o ABSOLUTE
    ..\\Sgpio_pg.c                           0x00000000   Number         0  sgpio_pg.o ABSOLUTE
    ..\\main_M4.c                            0x00000000   Number         0  main_m4.o ABSOLUTE
    ..\main_M4.c                             0x00000000   Number         0  main_m4.o ABSOLUTE
    dc.s                                     0x00000000   Number         0  dc.o ABSOLUTE
    handlers.s                               0x00000000   Number         0  handlers.o ABSOLUTE
    init.s                                   0x00000000   Number         0  init.o ABSOLUTE
    RESET                                    0x10000000   Section      276  startup_lpc43xx.o(RESET)
    .ARM.Collect$$$$00000000                 0x10000114   Section        0  entry.o(.ARM.Collect$$$$00000000)
    .ARM.Collect$$$$00000001                 0x10000114   Section        4  entry2.o(.ARM.Collect$$$$00000001)
    .ARM.Collect$$$$00000004                 0x10000118   Section        4  entry5.o(.ARM.Collect$$$$00000004)
    .ARM.Collect$$$$00000008                 0x1000011c   Section        0  entry7b.o(.ARM.Collect$$$$00000008)
    .ARM.Collect$$$$00000009                 0x1000011c   Section        8  entry8.o(.ARM.Collect$$$$00000009)
    .ARM.Collect$$$$00002712                 0x10000124   Section        4  entry2.o(.ARM.Collect$$$$00002712)
    __lit__00000000                          0x10000124   Data           4  entry2.o(.ARM.Collect$$$$00002712)
    .text                                    0x10000128   Section       32  startup_lpc43xx.o(.text)
    .text                                    0x10000148   Section        0  lpc43xx_scu.o(.text)
    .text                                    0x10000160   Section        0  lpc43xx_cgu.o(.text)
    .text                                    0x100007e4   Section        0  lpc43xx_gpdma.o(.text)
    .text                                    0x10000b08   Section        0  main_m4.o(.text)
    .text                                    0x10000ea4   Section        0  uidiv.o(.text)
    .text                                    0x10000ed0   Section        0  memcpya.o(.text)
    .text                                    0x10000ef4   Section       36  init.o(.text)
    i.__scatterload_copy                     0x10000f18   Section       14  handlers.o(i.__scatterload_copy)
    i.__scatterload_null                     0x10000f26   Section        2  handlers.o(i.__scatterload_null)
    i.__scatterload_zeroinit                 0x10000f28   Section       14  handlers.o(i.__scatterload_zeroinit)
    .constdata                               0x10000f36   Section     1246  lpc43xx_cgu.o(.constdata)
    .constdata                               0x10001414   Section      168  lpc43xx_gpdma.o(.constdata)
    .text                                    0x20009000   Section        0  sgpio_pg.o(.text)
    .data                                    0x2000c000   Section       68  lpc43xx_cgu.o(.data)
    .data                                    0x2000c044   Section       32  lpc43xx_gpdma.o(.data)
    .data                                    0x2000c064   Section       12  sgpio_pg.o(.data)
    .data                                    0x2000c070   Section       16  main_m4.o(.data)
    STACK                                    0x2000c080   Section      512  startup_lpc43xx.o(STACK)

    Global Symbols

    Symbol Name                              Value     Ov Type        Size  Object(Section)

    BuildAttributes$$THM_ISAv3M$S$PE$A:L22$X:L11$S22$IEEE1$IW$USESV6$~STKCKD$USESV7$~SHL$OTIME$EBA8$MICROLIB$REQ8$PRES8$EABIv2 0x00000000   Number         0  anon$$obj.o ABSOLUTE
    __ARM_use_no_argv                        0x00000000   Number         0  main_m4.o ABSOLUTE
    __decompress                              - Undefined Weak Reference
    _clock_init                               - Undefined Weak Reference
    __Vectors                                0x10000000   Data           4  startup_lpc43xx.o(RESET)
    __main                                   0x10000115   Thumb Code     0  entry.o(.ARM.Collect$$$$00000000)
    _main_stk                                0x10000115   Thumb Code     0  entry2.o(.ARM.Collect$$$$00000001)
    _main_scatterload                        0x10000119   Thumb Code     0  entry5.o(.ARM.Collect$$$$00000004)
    __main_after_scatterload                 0x1000011d   Thumb Code     0  entry5.o(.ARM.Collect$$$$00000004)
    _main_clock                              0x1000011d   Thumb Code     0  entry7b.o(.ARM.Collect$$$$00000008)
    _main_init                               0x1000011d   Thumb Code     0  entry8.o(.ARM.Collect$$$$00000009)
    Reset_Handler                            0x10000129   Thumb Code     4  startup_lpc43xx.o(.text)
    NMI_Handler                              0x1000012d   Thumb Code     2  startup_lpc43xx.o(.text)
    HardFault_Handler                        0x1000012f   Thumb Code     2  startup_lpc43xx.o(.text)
    MemManage_Handler                        0x10000131   Thumb Code     2  startup_lpc43xx.o(.text)
    BusFault_Handler                         0x10000133   Thumb Code     2  startup_lpc43xx.o(.text)
    UsageFault_Handler                       0x10000135   Thumb Code     2  startup_lpc43xx.o(.text)
    SVC_Handler                              0x10000137   Thumb Code     2  startup_lpc43xx.o(.text)
    DebugMon_Handler                         0x10000139   Thumb Code     2  startup_lpc43xx.o(.text)
    PendSV_Handler                           0x1000013b   Thumb Code     2  startup_lpc43xx.o(.text)
    SysTick_Handler                          0x1000013d   Thumb Code     2  startup_lpc43xx.o(.text)
    ADC0_IRQHandler                          0x1000013f   Thumb Code     0  startup_lpc43xx.o(.text)
    ADC1_IRQHandler                          0x1000013f   Thumb Code     0  startup_lpc43xx.o(.text)
    ATIMER_IRQHandler                        0x1000013f   Thumb Code     0  startup_lpc43xx.o(.text)
    CAN0_IRQHandler                          0x1000013f   Thumb Code     0  startup_lpc43xx.o(.text)
    CAN1_IRQHandler                          0x1000013f   Thumb Code     0  startup_lpc43xx.o(.text)
    DAC_IRQHandler                           0x1000013f   Thumb Code     0  startup_lpc43xx.o(.text)
    DMA_IRQHandler                           0x1000013f   Thumb Code     0  startup_lpc43xx.o(.text)
    ETH_IRQHandler                           0x1000013f   Thumb Code     0  startup_lpc43xx.o(.text)
    EVRT_IRQHandler                          0x1000013f   Thumb Code     0  startup_lpc43xx.o(.text)
    EZH_IRQHandler                           0x1000013f   Thumb Code     0  startup_lpc43xx.o(.text)
    FLASH_EEPROM_IRQHandler                  0x1000013f   Thumb Code     0  startup_lpc43xx.o(.text)
    GINT0_IRQHandler                         0x1000013f   Thumb Code     0  startup_lpc43xx.o(.text)
    GINT1_IRQHandler                         0x1000013f   Thumb Code     0  startup_lpc43xx.o(.text)
    GPIO0_IRQHandler                         0x1000013f   Thumb Code     0  startup_lpc43xx.o(.text)
    GPIO1_IRQHandler                         0x1000013f   Thumb Code     0  startup_lpc43xx.o(.text)
    GPIO2_IRQHandler                         0x1000013f   Thumb Code     0  startup_lpc43xx.o(.text)
    GPIO3_IRQHandler                         0x1000013f   Thumb Code     0  startup_lpc43xx.o(.text)
    GPIO4_IRQHandler                         0x1000013f   Thumb Code     0  startup_lpc43xx.o(.text)
    GPIO5_IRQHandler                         0x1000013f   Thumb Code     0  startup_lpc43xx.o(.text)
    GPIO6_IRQHandler                         0x1000013f   Thumb Code     0  startup_lpc43xx.o(.text)
    GPIO7_IRQHandler                         0x1000013f   Thumb Code     0  startup_lpc43xx.o(.text)
    I2C0_IRQHandler                          0x1000013f   Thumb Code     0  startup_lpc43xx.o(.text)
    I2C1_IRQHandler                          0x1000013f   Thumb Code     0  startup_lpc43xx.o(.text)
    I2S0_IRQHandler                          0x1000013f   Thumb Code     0  startup_lpc43xx.o(.text)
    I2S1_IRQHandler                          0x1000013f   Thumb Code     0  startup_lpc43xx.o(.text)
    LCD_IRQHandler                           0x1000013f   Thumb Code     0  startup_lpc43xx.o(.text)
    M0CORE_IRQHandler                        0x1000013f   Thumb Code     0  startup_lpc43xx.o(.text)
    M0s_IRQHandler                           0x1000013f   Thumb Code     0  startup_lpc43xx.o(.text)
    MCPWM_IRQHandler                         0x1000013f   Thumb Code     0  startup_lpc43xx.o(.text)
    QEI_IRQHandler                           0x1000013f   Thumb Code     0  startup_lpc43xx.o(.text)
    RIT_IRQHandler                           0x1000013f   Thumb Code     0  startup_lpc43xx.o(.text)
    RTC_IRQHandler                           0x1000013f   Thumb Code     0  startup_lpc43xx.o(.text)
    SCT_IRQHandler                           0x1000013f   Thumb Code     0  startup_lpc43xx.o(.text)
    SDIO_IRQHandler                          0x1000013f   Thumb Code     0  startup_lpc43xx.o(.text)
    SPIFI_IRQHandler                         0x1000013f   Thumb Code     0  startup_lpc43xx.o(.text)
    SPI_IRQHandler                           0x1000013f   Thumb Code     0  startup_lpc43xx.o(.text)
    SSP0_IRQHandler                          0x1000013f   Thumb Code     0  startup_lpc43xx.o(.text)
    SSP1_IRQHandler                          0x1000013f   Thumb Code     0  startup_lpc43xx.o(.text)
    TIMER0_IRQHandler                        0x1000013f   Thumb Code     0  startup_lpc43xx.o(.text)
    TIMER1_IRQHandler                        0x1000013f   Thumb Code     0  startup_lpc43xx.o(.text)
    TIMER2_IRQHandler                        0x1000013f   Thumb Code     0  startup_lpc43xx.o(.text)
    TIMER3_IRQHandler                        0x1000013f   Thumb Code     0  startup_lpc43xx.o(.text)
    UART0_IRQHandler                         0x1000013f   Thumb Code     0  startup_lpc43xx.o(.text)
    UART1_IRQHandler                         0x1000013f   Thumb Code     0  startup_lpc43xx.o(.text)
    UART2_IRQHandler                         0x1000013f   Thumb Code     0  startup_lpc43xx.o(.text)
    UART3_IRQHandler                         0x1000013f   Thumb Code     0  startup_lpc43xx.o(.text)
    USB0_IRQHandler                          0x1000013f   Thumb Code     0  startup_lpc43xx.o(.text)
    USB1_IRQHandler                          0x1000013f   Thumb Code     0  startup_lpc43xx.o(.text)
    VADC_IRQHandler                          0x1000013f   Thumb Code     0  startup_lpc43xx.o(.text)
    WDT_IRQHandler                           0x1000013f   Thumb Code     0  startup_lpc43xx.o(.text)
    getPC                                    0x10000145   Thumb Code     4  startup_lpc43xx.o(.text)
    scu_pinmux                               0x10000149   Thumb Code    18  lpc43xx_scu.o(.text)
    CGU_UpdateClock                          0x10000161   Thumb Code   134  lpc43xx_cgu.o(.text)
    CGU_EntityConnect                        0x100001e7   Thumb Code   104  lpc43xx_cgu.o(.text)
    CGU_EnableEntity                         0x1000024f   Thumb Code   216  lpc43xx_cgu.o(.text)
    CGU_SetPLL1                              0x10000327   Thumb Code   110  lpc43xx_cgu.o(.text)
    CGU_SetXTALOSC                           0x10000395   Thumb Code    40  lpc43xx_cgu.o(.text)
    CGU_Init                                 0x100003bd   Thumb Code   150  lpc43xx_cgu.o(.text)
    CGU_GetBaseStatus                        0x10000453   Thumb Code   148  lpc43xx_cgu.o(.text)
    CGU_ConfigPWR                            0x100004e7   Thumb Code   332  lpc43xx_cgu.o(.text)
    CGU_GetPCLKFrequency                     0x10000633   Thumb Code   100  lpc43xx_cgu.o(.text)
    CGU_SetDIV                               0x10000697   Thumb Code    48  lpc43xx_cgu.o(.text)
    CGU_SetPLL0                              0x100006c7   Thumb Code    26  lpc43xx_cgu.o(.text)
    CGU_SetPLL0audio                         0x100006e1   Thumb Code    28  lpc43xx_cgu.o(.text)
    CGU_FrequencyMonitor                     0x100006fd   Thumb Code   118  lpc43xx_cgu.o(.text)
    CGU_RealFrequencyCompare                 0x10000773   Thumb Code    62  lpc43xx_cgu.o(.text)
    DMAMUX_Config                            0x100007e5   Thumb Code   216  lpc43xx_gpdma.o(.text)
    GPDMA_Init                               0x100008bd   Thumb Code    36  lpc43xx_gpdma.o(.text)
    GPDMA_Setup                              0x100008e1   Thumb Code   384  lpc43xx_gpdma.o(.text)
    GPDMA_ChannelCmd                         0x10000a61   Thumb Code    26  lpc43xx_gpdma.o(.text)
    GPDMA_IntGetStatus                       0x10000a7b   Thumb Code    78  lpc43xx_gpdma.o(.text)
    GPDMA_ClearIntPending                    0x10000ac9   Thumb Code    20  lpc43xx_gpdma.o(.text)
    copy_VectorTable                         0x10000b09   Thumb Code    28  main_m4.o(.text)
    putdata                                  0x10000b25   Thumb Code    88  main_m4.o(.text)
    WaitMS                                   0x10000b7d   Thumb Code    28  main_m4.o(.text)
    CGU_Init_M4SGPIO                         0x10000b99   Thumb Code   116  main_m4.o(.text)
    setupSGPIO                               0x10000c0d   Thumb Code   260  main_m4.o(.text)
    main                                     0x10000d11   Thumb Code   262  main_m4.o(.text)
    __aeabi_uidiv                            0x10000ea5   Thumb Code     0  uidiv.o(.text)
    __aeabi_uidivmod                         0x10000ea5   Thumb Code    44  uidiv.o(.text)
    __aeabi_memcpy                           0x10000ed1   Thumb Code    36  memcpya.o(.text)
    __aeabi_memcpy4                          0x10000ed1   Thumb Code     0  memcpya.o(.text)
    __aeabi_memcpy8                          0x10000ed1   Thumb Code     0  memcpya.o(.text)
    __scatterload                            0x10000ef5   Thumb Code    28  init.o(.text)
    __scatterload_rt2                        0x10000ef5   Thumb Code     0  init.o(.text)
    __scatterload_copy                       0x10000f19   Thumb Code    14  handlers.o(i.__scatterload_copy)
    __scatterload_null                       0x10000f27   Thumb Code     2  handlers.o(i.__scatterload_null)
    __scatterload_zeroinit                   0x10000f29   Thumb Code    14  handlers.o(i.__scatterload_zeroinit)
    CGU_Entity_ControlReg_Offset             0x10000f36   Data          90  lpc43xx_cgu.o(.constdata)
    CGU_ConnectAlloc_Tbl                     0x10000f90   Data         765  lpc43xx_cgu.o(.constdata)
    CGU_PERIPHERAL_Info                      0x1000128e   Data         390  lpc43xx_cgu.o(.constdata)
    GPDMA_LUTPerAddr                         0x10001414   Data         112  lpc43xx_gpdma.o(.constdata)
    GPDMA_LUTPerBurst                        0x10001484   Data          28  lpc43xx_gpdma.o(.constdata)
    GPDMA_LUTPerWid                          0x100014a0   Data          28  lpc43xx_gpdma.o(.constdata)
    Region$$Table$$Base                      0x100014bc   Number         0  anon$$obj.o(Region$$Table)
    Region$$Table$$Limit                     0x100014dc   Number         0  anon$$obj.o(Region$$Table)
    Setup_DMAChl                             0x20009001   Thumb Code    82  sgpio_pg.o(.text)
    start_m0                                 0x20009053   Thumb Code   102  sgpio_pg.o(.text)
    SGPIO_IRQHandler                         0x200090b9   Thumb Code    56  sgpio_pg.o(.text)
    Long Thumb to Thumb Veneer to GPDMA_ChannelCmd 0x20009129   Thumb Code    12  anon$$obj.o(Veneer$$Code)
    Long Thumb to Thumb Veneer to GPDMA_Init 0x20009135   Thumb Code    12  anon$$obj.o(Veneer$$Code)
    CGU_ClockSourceFrequency                 0x2000c000   Data          68  lpc43xx_cgu.o(.data)
    pGPDMACh                                 0x2000c044   Data          32  lpc43xx_gpdma.o(.data)
    x                                        0x2000c064   Data           4  sgpio_pg.o(.data)
    p                                        0x2000c068   Data           4  sgpio_pg.o(.data)
    q                                        0x2000c06c   Data           4  sgpio_pg.o(.data)
    a                                        0x2000c070   Data           4  main_m4.o(.data)
    b                                        0x2000c074   Data           4  main_m4.o(.data)
    c                                        0x2000c078   Data           4  main_m4.o(.data)
    data1                                    0x2000c07c   Data           4  main_m4.o(.data)
    __initial_sp                             0x2000c280   Data           0  startup_lpc43xx.o(STACK)



==============================================================================

Memory Map of the image

  Image Entry point : 0x10000115

  Load Region LR_IROM1 (Base: 0x10000000, Size: 0x0000155c, Max: 0x00004000, ABSOLUTE)

    Execution Region ER_IROM1 (Base: 0x10000000, Size: 0x000014dc, Max: 0x00004000, ABSOLUTE)

    Base Addr    Size         Type   Attr      Idx    E Section Name        Object

    0x10000000   0x00000114   Data   RO            3    RESET               startup_lpc43xx.o
    0x10000114   0x00000000   Code   RO          196  * .ARM.Collect$$$$00000000  mc_p.l(entry.o)
    0x10000114   0x00000004   Code   RO          205    .ARM.Collect$$$$00000001  mc_p.l(entry2.o)
    0x10000118   0x00000004   Code   RO          208    .ARM.Collect$$$$00000004  mc_p.l(entry5.o)
    0x1000011c   0x00000000   Code   RO          210    .ARM.Collect$$$$00000008  mc_p.l(entry7b.o)
    0x1000011c   0x00000008   Code   RO          211    .ARM.Collect$$$$00000009  mc_p.l(entry8.o)
    0x10000124   0x00000004   Code   RO          206    .ARM.Collect$$$$00002712  mc_p.l(entry2.o)
    0x10000128   0x00000020   Code   RO            4    .text               startup_lpc43xx.o
    0x10000148   0x00000018   Code   RO           49    .text               lpc43xx_scu.o
    0x10000160   0x00000684   Code   RO           75    .text               lpc43xx_cgu.o
    0x100007e4   0x00000324   Code   RO           99    .text               lpc43xx_gpdma.o
    0x10000b08   0x0000039c   Code   RO          166    .text               main_m4.o
    0x10000ea4   0x0000002c   Code   RO          199    .text               mc_p.l(uidiv.o)
    0x10000ed0   0x00000024   Code   RO          201    .text               mc_p.l(memcpya.o)
    0x10000ef4   0x00000024   Code   RO          212    .text               mc_p.l(init.o)
    0x10000f18   0x0000000e   Code   RO          216    i.__scatterload_copy  mc_p.l(handlers.o)
    0x10000f26   0x00000002   Code   RO          217    i.__scatterload_null  mc_p.l(handlers.o)
    0x10000f28   0x0000000e   Code   RO          218    i.__scatterload_zeroinit  mc_p.l(handlers.o)
    0x10000f36   0x000004de   Data   RO           76    .constdata          lpc43xx_cgu.o
    0x10001414   0x000000a8   Data   RO          100    .constdata          lpc43xx_gpdma.o
    0x100014bc   0x00000020   Data   RO          214    Region$$Table       anon$$obj.o


    Execution Region RW_IRAM2 (Base: 0x2000a000, Size: 0x00000000, Max: 0x00001000, ABSOLUTE)

    **** No section assigned to this execution region ****


    Execution Region RW_IRAM1 (Base: 0x2000c000, Size: 0x00000280, Max: 0x00004000, ABSOLUTE)

    Base Addr    Size         Type   Attr      Idx    E Section Name        Object

    0x2000c000   0x00000044   Data   RW           77    .data               lpc43xx_cgu.o
    0x2000c044   0x00000020   Data   RW          101    .data               lpc43xx_gpdma.o
    0x2000c064   0x0000000c   Data   RW          126    .data               sgpio_pg.o
    0x2000c070   0x00000010   Data   RW          168    .data               main_m4.o
    0x2000c080   0x00000200   Zero   RW            1    STACK               startup_lpc43xx.o



  Load Region LR_IROM2 (Base: 0x20009000, Size: 0x00000140, Max: 0x00001000, ABSOLUTE)

    Execution Region ER_IROM2 (Base: 0x20009000, Size: 0x00000140, Max: 0x00001000, ABSOLUTE)

    Base Addr    Size         Type   Attr      Idx    E Section Name        Object

    0x20009000   0x00000128   Code   RO          125    .text               sgpio_pg.o
    0x20009128   0x0000000c   Ven    RO          222    Veneer$$Code        anon$$obj.o
    0x20009134   0x0000000c   Ven    RO          223    Veneer$$Code        anon$$obj.o


==============================================================================

Image component sizes


      Code (inc. data)   RO Data    RW Data    ZI Data      Debug   Object Name

      1668        140       1246         68          0      10715   lpc43xx_cgu.o
       804         78        168         32          0      11071   lpc43xx_gpdma.o
        24          6          0          0          0       2269   lpc43xx_scu.o
       924        142          0         16          0      40349   main_m4.o
       296         56          0         12          0      39027   sgpio_pg.o
        32          4        276          0        512        912   startup_lpc43xx.o
         0          0          0          0          0       4156   system_lpc43xx.o

    ----------------------------------------------------------------------
      3772        434       1722        128        512     108499   Object Totals
        24          8         32          0          0          0   (incl. Generated)
         0          0          0          0          0          0   (incl. Padding)

    ----------------------------------------------------------------------

      Code (inc. data)   RO Data    RW Data    ZI Data      Debug   Library Member Name

         0          0          0          0          0          0   entry.o
         8          4          0          0          0          0   entry2.o
         4          0          0          0          0          0   entry5.o
         0          0          0          0          0          0   entry7b.o
         8          4          0          0          0          0   entry8.o
        30          0          0          0          0          0   handlers.o
        36          8          0          0          0         68   init.o
        36          0          0          0          0         60   memcpya.o
        44          0          0          0          0         72   uidiv.o

    ----------------------------------------------------------------------
       166         16          0          0          0        200   Library Totals
         0          0          0          0          0          0   (incl. Padding)

    ----------------------------------------------------------------------

      Code (inc. data)   RO Data    RW Data    ZI Data      Debug   Library Name

       166         16          0          0          0        200   mc_p.l

    ----------------------------------------------------------------------
       166         16          0          0          0        200   Library Totals

    ----------------------------------------------------------------------

==============================================================================


      Code (inc. data)   RO Data    RW Data    ZI Data      Debug   

      3938        450       1722        128        512     108207   Grand Totals
      3938        450       1722        128        512     108207   ELF Image Totals
      3938        450       1722        128          0          0   ROM Totals

==============================================================================

    Total RO  Size (Code + RO Data)                 5660 (   5.53kB)
    Total RW  Size (RW Data + ZI Data)               640 (   0.63kB)
    Total ROM Size (Code + RO Data + RW Data)       5788 (   5.65kB)

==============================================================================

