<!doctype html public "-//w3c//dtd html 4.0 transitional//en">
<html><head>
<title>Static Call Graph - [.\Internal SRAM\example.axf]</title></head>
<body><HR>
<H1>Static Call Graph for image .\Internal SRAM\example.axf</H1><HR>
<BR><P>#&#060CALLGRAPH&#062# ARM Linker, 4.1 [Build 894]: Last Updated: Wed May 23 13:56:49 2012
<BR><P>
<H3>Maximum Stack Usage =         60 bytes + Unknown(Cycles, Untraceable Function Pointers)</H3><H3>
Call chain for Maximum Stack Depth:</H3>
main &rArr; CGU_UpdateClock &rArr; __aeabi_uidivmod
<P>
<H3>
Mutually Recursive functions
</H3> <LI><a href="#[1]">NMI_Handler</a>&nbsp;&nbsp;&nbsp;&rArr;&nbsp;&nbsp;&nbsp;<a href="#[1]">NMI_Handler</a><BR>
 <LI><a href="#[2]">HardFault_Handler</a>&nbsp;&nbsp;&nbsp;&rArr;&nbsp;&nbsp;&nbsp;<a href="#[2]">HardFault_Handler</a><BR>
 <LI><a href="#[3]">MemManage_Handler</a>&nbsp;&nbsp;&nbsp;&rArr;&nbsp;&nbsp;&nbsp;<a href="#[3]">MemManage_Handler</a><BR>
 <LI><a href="#[4]">BusFault_Handler</a>&nbsp;&nbsp;&nbsp;&rArr;&nbsp;&nbsp;&nbsp;<a href="#[4]">BusFault_Handler</a><BR>
 <LI><a href="#[5]">UsageFault_Handler</a>&nbsp;&nbsp;&nbsp;&rArr;&nbsp;&nbsp;&nbsp;<a href="#[5]">UsageFault_Handler</a><BR>
 <LI><a href="#[6]">SVC_Handler</a>&nbsp;&nbsp;&nbsp;&rArr;&nbsp;&nbsp;&nbsp;<a href="#[6]">SVC_Handler</a><BR>
 <LI><a href="#[7]">DebugMon_Handler</a>&nbsp;&nbsp;&nbsp;&rArr;&nbsp;&nbsp;&nbsp;<a href="#[7]">DebugMon_Handler</a><BR>
 <LI><a href="#[8]">PendSV_Handler</a>&nbsp;&nbsp;&nbsp;&rArr;&nbsp;&nbsp;&nbsp;<a href="#[8]">PendSV_Handler</a><BR>
 <LI><a href="#[9]">SysTick_Handler</a>&nbsp;&nbsp;&nbsp;&rArr;&nbsp;&nbsp;&nbsp;<a href="#[9]">SysTick_Handler</a><BR>
 <LI><a href="#[1b]">ADC0_IRQHandler</a>&nbsp;&nbsp;&nbsp;&rArr;&nbsp;&nbsp;&nbsp;<a href="#[1b]">ADC0_IRQHandler</a><BR>
</UL>
<P>
<H3>
Function Pointers
</H3><UL>
 <LI><a href="#[1b]">ADC0_IRQHandler</a> from startup_lpc43xx.o(.text) referenced from startup_lpc43xx.o(RESET)
 <LI><a href="#[1f]">ADC1_IRQHandler</a> from startup_lpc43xx.o(.text) referenced from startup_lpc43xx.o(RESET)
 <LI><a href="#[37]">ATIMER_IRQHandler</a> from startup_lpc43xx.o(.text) referenced from startup_lpc43xx.o(RESET)
 <LI><a href="#[4]">BusFault_Handler</a> from startup_lpc43xx.o(.text) referenced from startup_lpc43xx.o(RESET)
 <LI><a href="#[3b]">CAN0_IRQHandler</a> from startup_lpc43xx.o(.text) referenced from startup_lpc43xx.o(RESET)
 <LI><a href="#[35]">CAN1_IRQHandler</a> from startup_lpc43xx.o(.text) referenced from startup_lpc43xx.o(RESET)
 <LI><a href="#[a]">DAC_IRQHandler</a> from startup_lpc43xx.o(.text) referenced from startup_lpc43xx.o(RESET)
 <LI><a href="#[c]">DMA_IRQHandler</a> from startup_lpc43xx.o(.text) referenced from startup_lpc43xx.o(RESET)
 <LI><a href="#[7]">DebugMon_Handler</a> from startup_lpc43xx.o(.text) referenced from startup_lpc43xx.o(RESET)
 <LI><a href="#[f]">ETH_IRQHandler</a> from startup_lpc43xx.o(.text) referenced from startup_lpc43xx.o(RESET)
 <LI><a href="#[34]">EVRT_IRQHandler</a> from startup_lpc43xx.o(.text) referenced from startup_lpc43xx.o(RESET)
 <LI><a href="#[d]">EZH_IRQHandler</a> from startup_lpc43xx.o(.text) referenced from startup_lpc43xx.o(RESET)
 <LI><a href="#[e]">FLASH_EEPROM_IRQHandler</a> from startup_lpc43xx.o(.text) referenced from startup_lpc43xx.o(RESET)
 <LI><a href="#[32]">GINT0_IRQHandler</a> from startup_lpc43xx.o(.text) referenced from startup_lpc43xx.o(RESET)
 <LI><a href="#[33]">GINT1_IRQHandler</a> from startup_lpc43xx.o(.text) referenced from startup_lpc43xx.o(RESET)
 <LI><a href="#[2a]">GPIO0_IRQHandler</a> from startup_lpc43xx.o(.text) referenced from startup_lpc43xx.o(RESET)
 <LI><a href="#[2b]">GPIO1_IRQHandler</a> from startup_lpc43xx.o(.text) referenced from startup_lpc43xx.o(RESET)
 <LI><a href="#[2c]">GPIO2_IRQHandler</a> from startup_lpc43xx.o(.text) referenced from startup_lpc43xx.o(RESET)
 <LI><a href="#[2d]">GPIO3_IRQHandler</a> from startup_lpc43xx.o(.text) referenced from startup_lpc43xx.o(RESET)
 <LI><a href="#[2e]">GPIO4_IRQHandler</a> from startup_lpc43xx.o(.text) referenced from startup_lpc43xx.o(RESET)
 <LI><a href="#[2f]">GPIO5_IRQHandler</a> from startup_lpc43xx.o(.text) referenced from startup_lpc43xx.o(RESET)
 <LI><a href="#[30]">GPIO6_IRQHandler</a> from startup_lpc43xx.o(.text) referenced from startup_lpc43xx.o(RESET)
 <LI><a href="#[31]">GPIO7_IRQHandler</a> from startup_lpc43xx.o(.text) referenced from startup_lpc43xx.o(RESET)
 <LI><a href="#[2]">HardFault_Handler</a> from startup_lpc43xx.o(.text) referenced from startup_lpc43xx.o(RESET)
 <LI><a href="#[1c]">I2C0_IRQHandler</a> from startup_lpc43xx.o(.text) referenced from startup_lpc43xx.o(RESET)
 <LI><a href="#[1d]">I2C1_IRQHandler</a> from startup_lpc43xx.o(.text) referenced from startup_lpc43xx.o(RESET)
 <LI><a href="#[26]">I2S0_IRQHandler</a> from startup_lpc43xx.o(.text) referenced from startup_lpc43xx.o(RESET)
 <LI><a href="#[27]">I2S1_IRQHandler</a> from startup_lpc43xx.o(.text) referenced from startup_lpc43xx.o(RESET)
 <LI><a href="#[11]">LCD_IRQHandler</a> from startup_lpc43xx.o(.text) referenced from startup_lpc43xx.o(RESET)
 <LI><a href="#[b]">M0CORE_IRQHandler</a> from startup_lpc43xx.o(.text) referenced from startup_lpc43xx.o(RESET)
 <LI><a href="#[3a]">M0s_IRQHandler</a> from startup_lpc43xx.o(.text) referenced from startup_lpc43xx.o(RESET)
 <LI><a href="#[1a]">MCPWM_IRQHandler</a> from startup_lpc43xx.o(.text) referenced from startup_lpc43xx.o(RESET)
 <LI><a href="#[3]">MemManage_Handler</a> from startup_lpc43xx.o(.text) referenced from startup_lpc43xx.o(RESET)
 <LI><a href="#[1]">NMI_Handler</a> from startup_lpc43xx.o(.text) referenced from startup_lpc43xx.o(RESET)
 <LI><a href="#[8]">PendSV_Handler</a> from startup_lpc43xx.o(.text) referenced from startup_lpc43xx.o(RESET)
 <LI><a href="#[3c]">QEI_IRQHandler</a> from startup_lpc43xx.o(.text) referenced from startup_lpc43xx.o(RESET)
 <LI><a href="#[15]">RIT_IRQHandler</a> from startup_lpc43xx.o(.text) referenced from startup_lpc43xx.o(RESET)
 <LI><a href="#[38]">RTC_IRQHandler</a> from startup_lpc43xx.o(.text) referenced from startup_lpc43xx.o(RESET)
 <LI><a href="#[0]">Reset_Handler</a> from startup_lpc43xx.o(.text) referenced from startup_lpc43xx.o(RESET)
 <LI><a href="#[14]">SCT_IRQHandler</a> from startup_lpc43xx.o(.text) referenced from startup_lpc43xx.o(RESET)
 <LI><a href="#[10]">SDIO_IRQHandler</a> from startup_lpc43xx.o(.text) referenced from startup_lpc43xx.o(RESET)
 <LI><a href="#[29]">SGPIO_IRQHandler</a> from sgpio_pg.o(.text) referenced from startup_lpc43xx.o(RESET)
 <LI><a href="#[28]">SPIFI_IRQHandler</a> from startup_lpc43xx.o(.text) referenced from startup_lpc43xx.o(RESET)
 <LI><a href="#[1e]">SPI_IRQHandler</a> from startup_lpc43xx.o(.text) referenced from startup_lpc43xx.o(RESET)
 <LI><a href="#[20]">SSP0_IRQHandler</a> from startup_lpc43xx.o(.text) referenced from startup_lpc43xx.o(RESET)
 <LI><a href="#[21]">SSP1_IRQHandler</a> from startup_lpc43xx.o(.text) referenced from startup_lpc43xx.o(RESET)
 <LI><a href="#[6]">SVC_Handler</a> from startup_lpc43xx.o(.text) referenced from startup_lpc43xx.o(RESET)
 <LI><a href="#[9]">SysTick_Handler</a> from startup_lpc43xx.o(.text) referenced from startup_lpc43xx.o(RESET)
 <LI><a href="#[16]">TIMER0_IRQHandler</a> from startup_lpc43xx.o(.text) referenced from startup_lpc43xx.o(RESET)
 <LI><a href="#[17]">TIMER1_IRQHandler</a> from startup_lpc43xx.o(.text) referenced from startup_lpc43xx.o(RESET)
 <LI><a href="#[18]">TIMER2_IRQHandler</a> from startup_lpc43xx.o(.text) referenced from startup_lpc43xx.o(RESET)
 <LI><a href="#[19]">TIMER3_IRQHandler</a> from startup_lpc43xx.o(.text) referenced from startup_lpc43xx.o(RESET)
 <LI><a href="#[22]">UART0_IRQHandler</a> from startup_lpc43xx.o(.text) referenced from startup_lpc43xx.o(RESET)
 <LI><a href="#[23]">UART1_IRQHandler</a> from startup_lpc43xx.o(.text) referenced from startup_lpc43xx.o(RESET)
 <LI><a href="#[24]">UART2_IRQHandler</a> from startup_lpc43xx.o(.text) referenced from startup_lpc43xx.o(RESET)
 <LI><a href="#[25]">UART3_IRQHandler</a> from startup_lpc43xx.o(.text) referenced from startup_lpc43xx.o(RESET)
 <LI><a href="#[12]">USB0_IRQHandler</a> from startup_lpc43xx.o(.text) referenced from startup_lpc43xx.o(RESET)
 <LI><a href="#[13]">USB1_IRQHandler</a> from startup_lpc43xx.o(.text) referenced from startup_lpc43xx.o(RESET)
 <LI><a href="#[5]">UsageFault_Handler</a> from startup_lpc43xx.o(.text) referenced from startup_lpc43xx.o(RESET)
 <LI><a href="#[36]">VADC_IRQHandler</a> from startup_lpc43xx.o(.text) referenced from startup_lpc43xx.o(RESET)
 <LI><a href="#[39]">WDT_IRQHandler</a> from startup_lpc43xx.o(.text) referenced from startup_lpc43xx.o(RESET)
 <LI><a href="#[3e]">__main</a> from entry.o(.ARM.Collect$$$$00000000) referenced from startup_lpc43xx.o(.text)
 <LI><a href="#[3d]">main</a> from main_m4.o(.text) referenced from entry8.o(.ARM.Collect$$$$00000009)
 <LI><a href="#[3f]">start_m0</a> from sgpio_pg.o(.text) referenced from main_m4.o(.text)
</UL>
<P>
<H3>
Global Symbols
</H3>
<P><STRONG><a name="[3e]"></a>__main</STRONG> (Thumb, 0 bytes, Stack size unknown bytes, entry.o(.ARM.Collect$$$$00000000))
<BR>[Address Reference Count : 1]<UL><LI> startup_lpc43xx.o(.text)
</UL>
<P><STRONG><a name="[59]"></a>_main_stk</STRONG> (Thumb, 0 bytes, Stack size unknown bytes, entry2.o(.ARM.Collect$$$$00000001))

<P><STRONG><a name="[40]"></a>_main_scatterload</STRONG> (Thumb, 0 bytes, Stack size unknown bytes, entry5.o(.ARM.Collect$$$$00000004))
<BR><BR>[Calls]<UL><LI><a href="#[41]">&gt;&gt;</a>&nbsp;&nbsp;&nbsp;__scatterload
</UL>

<P><STRONG><a name="[55]"></a>__main_after_scatterload</STRONG> (Thumb, 0 bytes, Stack size unknown bytes, entry5.o(.ARM.Collect$$$$00000004))
<BR><BR>[Called By]<UL><LI><a href="#[41]">&gt;&gt;</a>&nbsp;&nbsp;&nbsp;__scatterload
</UL>

<P><STRONG><a name="[5a]"></a>_main_clock</STRONG> (Thumb, 0 bytes, Stack size unknown bytes, entry7b.o(.ARM.Collect$$$$00000008))

<P><STRONG><a name="[5b]"></a>_main_init</STRONG> (Thumb, 0 bytes, Stack size unknown bytes, entry8.o(.ARM.Collect$$$$00000009))

<P><STRONG><a name="[0]"></a>Reset_Handler</STRONG> (Thumb, 4 bytes, Stack size 0 bytes, startup_lpc43xx.o(.text))
<BR>[Address Reference Count : 1]<UL><LI> startup_lpc43xx.o(RESET)
</UL>
<P><STRONG><a name="[1]"></a>NMI_Handler</STRONG> (Thumb, 2 bytes, Stack size 0 bytes, startup_lpc43xx.o(.text))
<BR><BR>[Calls]<UL><LI><a href="#[1]">&gt;&gt;</a>&nbsp;&nbsp;&nbsp;NMI_Handler
</UL>
<BR>[Called By]<UL><LI><a href="#[1]">&gt;&gt;</a>&nbsp;&nbsp;&nbsp;NMI_Handler
</UL>
<BR>[Address Reference Count : 1]<UL><LI> startup_lpc43xx.o(RESET)
</UL>
<P><STRONG><a name="[2]"></a>HardFault_Handler</STRONG> (Thumb, 2 bytes, Stack size 0 bytes, startup_lpc43xx.o(.text))
<BR><BR>[Calls]<UL><LI><a href="#[2]">&gt;&gt;</a>&nbsp;&nbsp;&nbsp;HardFault_Handler
</UL>
<BR>[Called By]<UL><LI><a href="#[2]">&gt;&gt;</a>&nbsp;&nbsp;&nbsp;HardFault_Handler
</UL>
<BR>[Address Reference Count : 1]<UL><LI> startup_lpc43xx.o(RESET)
</UL>
<P><STRONG><a name="[3]"></a>MemManage_Handler</STRONG> (Thumb, 2 bytes, Stack size 0 bytes, startup_lpc43xx.o(.text))
<BR><BR>[Calls]<UL><LI><a href="#[3]">&gt;&gt;</a>&nbsp;&nbsp;&nbsp;MemManage_Handler
</UL>
<BR>[Called By]<UL><LI><a href="#[3]">&gt;&gt;</a>&nbsp;&nbsp;&nbsp;MemManage_Handler
</UL>
<BR>[Address Reference Count : 1]<UL><LI> startup_lpc43xx.o(RESET)
</UL>
<P><STRONG><a name="[4]"></a>BusFault_Handler</STRONG> (Thumb, 2 bytes, Stack size 0 bytes, startup_lpc43xx.o(.text))
<BR><BR>[Calls]<UL><LI><a href="#[4]">&gt;&gt;</a>&nbsp;&nbsp;&nbsp;BusFault_Handler
</UL>
<BR>[Called By]<UL><LI><a href="#[4]">&gt;&gt;</a>&nbsp;&nbsp;&nbsp;BusFault_Handler
</UL>
<BR>[Address Reference Count : 1]<UL><LI> startup_lpc43xx.o(RESET)
</UL>
<P><STRONG><a name="[5]"></a>UsageFault_Handler</STRONG> (Thumb, 2 bytes, Stack size 0 bytes, startup_lpc43xx.o(.text))
<BR><BR>[Calls]<UL><LI><a href="#[5]">&gt;&gt;</a>&nbsp;&nbsp;&nbsp;UsageFault_Handler
</UL>
<BR>[Called By]<UL><LI><a href="#[5]">&gt;&gt;</a>&nbsp;&nbsp;&nbsp;UsageFault_Handler
</UL>
<BR>[Address Reference Count : 1]<UL><LI> startup_lpc43xx.o(RESET)
</UL>
<P><STRONG><a name="[6]"></a>SVC_Handler</STRONG> (Thumb, 2 bytes, Stack size 0 bytes, startup_lpc43xx.o(.text))
<BR><BR>[Calls]<UL><LI><a href="#[6]">&gt;&gt;</a>&nbsp;&nbsp;&nbsp;SVC_Handler
</UL>
<BR>[Called By]<UL><LI><a href="#[6]">&gt;&gt;</a>&nbsp;&nbsp;&nbsp;SVC_Handler
</UL>
<BR>[Address Reference Count : 1]<UL><LI> startup_lpc43xx.o(RESET)
</UL>
<P><STRONG><a name="[7]"></a>DebugMon_Handler</STRONG> (Thumb, 2 bytes, Stack size 0 bytes, startup_lpc43xx.o(.text))
<BR><BR>[Calls]<UL><LI><a href="#[7]">&gt;&gt;</a>&nbsp;&nbsp;&nbsp;DebugMon_Handler
</UL>
<BR>[Called By]<UL><LI><a href="#[7]">&gt;&gt;</a>&nbsp;&nbsp;&nbsp;DebugMon_Handler
</UL>
<BR>[Address Reference Count : 1]<UL><LI> startup_lpc43xx.o(RESET)
</UL>
<P><STRONG><a name="[8]"></a>PendSV_Handler</STRONG> (Thumb, 2 bytes, Stack size 0 bytes, startup_lpc43xx.o(.text))
<BR><BR>[Calls]<UL><LI><a href="#[8]">&gt;&gt;</a>&nbsp;&nbsp;&nbsp;PendSV_Handler
</UL>
<BR>[Called By]<UL><LI><a href="#[8]">&gt;&gt;</a>&nbsp;&nbsp;&nbsp;PendSV_Handler
</UL>
<BR>[Address Reference Count : 1]<UL><LI> startup_lpc43xx.o(RESET)
</UL>
<P><STRONG><a name="[9]"></a>SysTick_Handler</STRONG> (Thumb, 2 bytes, Stack size 0 bytes, startup_lpc43xx.o(.text))
<BR><BR>[Calls]<UL><LI><a href="#[9]">&gt;&gt;</a>&nbsp;&nbsp;&nbsp;SysTick_Handler
</UL>
<BR>[Called By]<UL><LI><a href="#[9]">&gt;&gt;</a>&nbsp;&nbsp;&nbsp;SysTick_Handler
</UL>
<BR>[Address Reference Count : 1]<UL><LI> startup_lpc43xx.o(RESET)
</UL>
<P><STRONG><a name="[1b]"></a>ADC0_IRQHandler</STRONG> (Thumb, 0 bytes, Stack size 0 bytes, startup_lpc43xx.o(.text))
<BR><BR>[Calls]<UL><LI><a href="#[1b]">&gt;&gt;</a>&nbsp;&nbsp;&nbsp;ADC0_IRQHandler
</UL>
<BR>[Called By]<UL><LI><a href="#[1b]">&gt;&gt;</a>&nbsp;&nbsp;&nbsp;ADC0_IRQHandler
</UL>
<BR>[Address Reference Count : 1]<UL><LI> startup_lpc43xx.o(RESET)
</UL>
<P><STRONG><a name="[1f]"></a>ADC1_IRQHandler</STRONG> (Thumb, 0 bytes, Stack size 0 bytes, startup_lpc43xx.o(.text))
<BR>[Address Reference Count : 1]<UL><LI> startup_lpc43xx.o(RESET)
</UL>
<P><STRONG><a name="[37]"></a>ATIMER_IRQHandler</STRONG> (Thumb, 0 bytes, Stack size 0 bytes, startup_lpc43xx.o(.text))
<BR>[Address Reference Count : 1]<UL><LI> startup_lpc43xx.o(RESET)
</UL>
<P><STRONG><a name="[3b]"></a>CAN0_IRQHandler</STRONG> (Thumb, 0 bytes, Stack size 0 bytes, startup_lpc43xx.o(.text))
<BR>[Address Reference Count : 1]<UL><LI> startup_lpc43xx.o(RESET)
</UL>
<P><STRONG><a name="[35]"></a>CAN1_IRQHandler</STRONG> (Thumb, 0 bytes, Stack size 0 bytes, startup_lpc43xx.o(.text))
<BR>[Address Reference Count : 1]<UL><LI> startup_lpc43xx.o(RESET)
</UL>
<P><STRONG><a name="[a]"></a>DAC_IRQHandler</STRONG> (Thumb, 0 bytes, Stack size 0 bytes, startup_lpc43xx.o(.text))
<BR>[Address Reference Count : 1]<UL><LI> startup_lpc43xx.o(RESET)
</UL>
<P><STRONG><a name="[c]"></a>DMA_IRQHandler</STRONG> (Thumb, 0 bytes, Stack size 0 bytes, startup_lpc43xx.o(.text))
<BR>[Address Reference Count : 1]<UL><LI> startup_lpc43xx.o(RESET)
</UL>
<P><STRONG><a name="[f]"></a>ETH_IRQHandler</STRONG> (Thumb, 0 bytes, Stack size 0 bytes, startup_lpc43xx.o(.text))
<BR>[Address Reference Count : 1]<UL><LI> startup_lpc43xx.o(RESET)
</UL>
<P><STRONG><a name="[34]"></a>EVRT_IRQHandler</STRONG> (Thumb, 0 bytes, Stack size 0 bytes, startup_lpc43xx.o(.text))
<BR>[Address Reference Count : 1]<UL><LI> startup_lpc43xx.o(RESET)
</UL>
<P><STRONG><a name="[d]"></a>EZH_IRQHandler</STRONG> (Thumb, 0 bytes, Stack size 0 bytes, startup_lpc43xx.o(.text))
<BR>[Address Reference Count : 1]<UL><LI> startup_lpc43xx.o(RESET)
</UL>
<P><STRONG><a name="[e]"></a>FLASH_EEPROM_IRQHandler</STRONG> (Thumb, 0 bytes, Stack size 0 bytes, startup_lpc43xx.o(.text))
<BR>[Address Reference Count : 1]<UL><LI> startup_lpc43xx.o(RESET)
</UL>
<P><STRONG><a name="[32]"></a>GINT0_IRQHandler</STRONG> (Thumb, 0 bytes, Stack size 0 bytes, startup_lpc43xx.o(.text))
<BR>[Address Reference Count : 1]<UL><LI> startup_lpc43xx.o(RESET)
</UL>
<P><STRONG><a name="[33]"></a>GINT1_IRQHandler</STRONG> (Thumb, 0 bytes, Stack size 0 bytes, startup_lpc43xx.o(.text))
<BR>[Address Reference Count : 1]<UL><LI> startup_lpc43xx.o(RESET)
</UL>
<P><STRONG><a name="[2a]"></a>GPIO0_IRQHandler</STRONG> (Thumb, 0 bytes, Stack size 0 bytes, startup_lpc43xx.o(.text))
<BR>[Address Reference Count : 1]<UL><LI> startup_lpc43xx.o(RESET)
</UL>
<P><STRONG><a name="[2b]"></a>GPIO1_IRQHandler</STRONG> (Thumb, 0 bytes, Stack size 0 bytes, startup_lpc43xx.o(.text))
<BR>[Address Reference Count : 1]<UL><LI> startup_lpc43xx.o(RESET)
</UL>
<P><STRONG><a name="[2c]"></a>GPIO2_IRQHandler</STRONG> (Thumb, 0 bytes, Stack size 0 bytes, startup_lpc43xx.o(.text))
<BR>[Address Reference Count : 1]<UL><LI> startup_lpc43xx.o(RESET)
</UL>
<P><STRONG><a name="[2d]"></a>GPIO3_IRQHandler</STRONG> (Thumb, 0 bytes, Stack size 0 bytes, startup_lpc43xx.o(.text))
<BR>[Address Reference Count : 1]<UL><LI> startup_lpc43xx.o(RESET)
</UL>
<P><STRONG><a name="[2e]"></a>GPIO4_IRQHandler</STRONG> (Thumb, 0 bytes, Stack size 0 bytes, startup_lpc43xx.o(.text))
<BR>[Address Reference Count : 1]<UL><LI> startup_lpc43xx.o(RESET)
</UL>
<P><STRONG><a name="[2f]"></a>GPIO5_IRQHandler</STRONG> (Thumb, 0 bytes, Stack size 0 bytes, startup_lpc43xx.o(.text))
<BR>[Address Reference Count : 1]<UL><LI> startup_lpc43xx.o(RESET)
</UL>
<P><STRONG><a name="[30]"></a>GPIO6_IRQHandler</STRONG> (Thumb, 0 bytes, Stack size 0 bytes, startup_lpc43xx.o(.text))
<BR>[Address Reference Count : 1]<UL><LI> startup_lpc43xx.o(RESET)
</UL>
<P><STRONG><a name="[31]"></a>GPIO7_IRQHandler</STRONG> (Thumb, 0 bytes, Stack size 0 bytes, startup_lpc43xx.o(.text))
<BR>[Address Reference Count : 1]<UL><LI> startup_lpc43xx.o(RESET)
</UL>
<P><STRONG><a name="[1c]"></a>I2C0_IRQHandler</STRONG> (Thumb, 0 bytes, Stack size 0 bytes, startup_lpc43xx.o(.text))
<BR>[Address Reference Count : 1]<UL><LI> startup_lpc43xx.o(RESET)
</UL>
<P><STRONG><a name="[1d]"></a>I2C1_IRQHandler</STRONG> (Thumb, 0 bytes, Stack size 0 bytes, startup_lpc43xx.o(.text))
<BR>[Address Reference Count : 1]<UL><LI> startup_lpc43xx.o(RESET)
</UL>
<P><STRONG><a name="[26]"></a>I2S0_IRQHandler</STRONG> (Thumb, 0 bytes, Stack size 0 bytes, startup_lpc43xx.o(.text))
<BR>[Address Reference Count : 1]<UL><LI> startup_lpc43xx.o(RESET)
</UL>
<P><STRONG><a name="[27]"></a>I2S1_IRQHandler</STRONG> (Thumb, 0 bytes, Stack size 0 bytes, startup_lpc43xx.o(.text))
<BR>[Address Reference Count : 1]<UL><LI> startup_lpc43xx.o(RESET)
</UL>
<P><STRONG><a name="[11]"></a>LCD_IRQHandler</STRONG> (Thumb, 0 bytes, Stack size 0 bytes, startup_lpc43xx.o(.text))
<BR>[Address Reference Count : 1]<UL><LI> startup_lpc43xx.o(RESET)
</UL>
<P><STRONG><a name="[b]"></a>M0CORE_IRQHandler</STRONG> (Thumb, 0 bytes, Stack size 0 bytes, startup_lpc43xx.o(.text))
<BR>[Address Reference Count : 1]<UL><LI> startup_lpc43xx.o(RESET)
</UL>
<P><STRONG><a name="[3a]"></a>M0s_IRQHandler</STRONG> (Thumb, 0 bytes, Stack size 0 bytes, startup_lpc43xx.o(.text))
<BR>[Address Reference Count : 1]<UL><LI> startup_lpc43xx.o(RESET)
</UL>
<P><STRONG><a name="[1a]"></a>MCPWM_IRQHandler</STRONG> (Thumb, 0 bytes, Stack size 0 bytes, startup_lpc43xx.o(.text))
<BR>[Address Reference Count : 1]<UL><LI> startup_lpc43xx.o(RESET)
</UL>
<P><STRONG><a name="[3c]"></a>QEI_IRQHandler</STRONG> (Thumb, 0 bytes, Stack size 0 bytes, startup_lpc43xx.o(.text))
<BR>[Address Reference Count : 1]<UL><LI> startup_lpc43xx.o(RESET)
</UL>
<P><STRONG><a name="[15]"></a>RIT_IRQHandler</STRONG> (Thumb, 0 bytes, Stack size 0 bytes, startup_lpc43xx.o(.text))
<BR>[Address Reference Count : 1]<UL><LI> startup_lpc43xx.o(RESET)
</UL>
<P><STRONG><a name="[38]"></a>RTC_IRQHandler</STRONG> (Thumb, 0 bytes, Stack size 0 bytes, startup_lpc43xx.o(.text))
<BR>[Address Reference Count : 1]<UL><LI> startup_lpc43xx.o(RESET)
</UL>
<P><STRONG><a name="[14]"></a>SCT_IRQHandler</STRONG> (Thumb, 0 bytes, Stack size 0 bytes, startup_lpc43xx.o(.text))
<BR>[Address Reference Count : 1]<UL><LI> startup_lpc43xx.o(RESET)
</UL>
<P><STRONG><a name="[10]"></a>SDIO_IRQHandler</STRONG> (Thumb, 0 bytes, Stack size 0 bytes, startup_lpc43xx.o(.text))
<BR>[Address Reference Count : 1]<UL><LI> startup_lpc43xx.o(RESET)
</UL>
<P><STRONG><a name="[28]"></a>SPIFI_IRQHandler</STRONG> (Thumb, 0 bytes, Stack size 0 bytes, startup_lpc43xx.o(.text))
<BR>[Address Reference Count : 1]<UL><LI> startup_lpc43xx.o(RESET)
</UL>
<P><STRONG><a name="[1e]"></a>SPI_IRQHandler</STRONG> (Thumb, 0 bytes, Stack size 0 bytes, startup_lpc43xx.o(.text))
<BR>[Address Reference Count : 1]<UL><LI> startup_lpc43xx.o(RESET)
</UL>
<P><STRONG><a name="[20]"></a>SSP0_IRQHandler</STRONG> (Thumb, 0 bytes, Stack size 0 bytes, startup_lpc43xx.o(.text))
<BR>[Address Reference Count : 1]<UL><LI> startup_lpc43xx.o(RESET)
</UL>
<P><STRONG><a name="[21]"></a>SSP1_IRQHandler</STRONG> (Thumb, 0 bytes, Stack size 0 bytes, startup_lpc43xx.o(.text))
<BR>[Address Reference Count : 1]<UL><LI> startup_lpc43xx.o(RESET)
</UL>
<P><STRONG><a name="[16]"></a>TIMER0_IRQHandler</STRONG> (Thumb, 0 bytes, Stack size 0 bytes, startup_lpc43xx.o(.text))
<BR>[Address Reference Count : 1]<UL><LI> startup_lpc43xx.o(RESET)
</UL>
<P><STRONG><a name="[17]"></a>TIMER1_IRQHandler</STRONG> (Thumb, 0 bytes, Stack size 0 bytes, startup_lpc43xx.o(.text))
<BR>[Address Reference Count : 1]<UL><LI> startup_lpc43xx.o(RESET)
</UL>
<P><STRONG><a name="[18]"></a>TIMER2_IRQHandler</STRONG> (Thumb, 0 bytes, Stack size 0 bytes, startup_lpc43xx.o(.text))
<BR>[Address Reference Count : 1]<UL><LI> startup_lpc43xx.o(RESET)
</UL>
<P><STRONG><a name="[19]"></a>TIMER3_IRQHandler</STRONG> (Thumb, 0 bytes, Stack size 0 bytes, startup_lpc43xx.o(.text))
<BR>[Address Reference Count : 1]<UL><LI> startup_lpc43xx.o(RESET)
</UL>
<P><STRONG><a name="[22]"></a>UART0_IRQHandler</STRONG> (Thumb, 0 bytes, Stack size 0 bytes, startup_lpc43xx.o(.text))
<BR>[Address Reference Count : 1]<UL><LI> startup_lpc43xx.o(RESET)
</UL>
<P><STRONG><a name="[23]"></a>UART1_IRQHandler</STRONG> (Thumb, 0 bytes, Stack size 0 bytes, startup_lpc43xx.o(.text))
<BR>[Address Reference Count : 1]<UL><LI> startup_lpc43xx.o(RESET)
</UL>
<P><STRONG><a name="[24]"></a>UART2_IRQHandler</STRONG> (Thumb, 0 bytes, Stack size 0 bytes, startup_lpc43xx.o(.text))
<BR>[Address Reference Count : 1]<UL><LI> startup_lpc43xx.o(RESET)
</UL>
<P><STRONG><a name="[25]"></a>UART3_IRQHandler</STRONG> (Thumb, 0 bytes, Stack size 0 bytes, startup_lpc43xx.o(.text))
<BR>[Address Reference Count : 1]<UL><LI> startup_lpc43xx.o(RESET)
</UL>
<P><STRONG><a name="[12]"></a>USB0_IRQHandler</STRONG> (Thumb, 0 bytes, Stack size 0 bytes, startup_lpc43xx.o(.text))
<BR>[Address Reference Count : 1]<UL><LI> startup_lpc43xx.o(RESET)
</UL>
<P><STRONG><a name="[13]"></a>USB1_IRQHandler</STRONG> (Thumb, 0 bytes, Stack size 0 bytes, startup_lpc43xx.o(.text))
<BR>[Address Reference Count : 1]<UL><LI> startup_lpc43xx.o(RESET)
</UL>
<P><STRONG><a name="[36]"></a>VADC_IRQHandler</STRONG> (Thumb, 0 bytes, Stack size 0 bytes, startup_lpc43xx.o(.text))
<BR>[Address Reference Count : 1]<UL><LI> startup_lpc43xx.o(RESET)
</UL>
<P><STRONG><a name="[39]"></a>WDT_IRQHandler</STRONG> (Thumb, 0 bytes, Stack size 0 bytes, startup_lpc43xx.o(.text))
<BR>[Address Reference Count : 1]<UL><LI> startup_lpc43xx.o(RESET)
</UL>
<P><STRONG><a name="[5c]"></a>getPC</STRONG> (Thumb, 4 bytes, Stack size 0 bytes, startup_lpc43xx.o(.text), UNUSED)

<P><STRONG><a name="[45]"></a>scu_pinmux</STRONG> (Thumb, 18 bytes, Stack size 4 bytes, lpc43xx_scu.o(.text))
<BR><BR>[Stack]<UL><LI>Max Depth = 4<LI>Call Chain = scu_pinmux
</UL>
<BR>[Called By]<UL><LI><a href="#[44]">&gt;&gt;</a>&nbsp;&nbsp;&nbsp;CGU_EnableEntity
</UL>

<P><STRONG><a name="[42]"></a>CGU_UpdateClock</STRONG> (Thumb, 134 bytes, Stack size 24 bytes, lpc43xx_cgu.o(.text))
<BR><BR>[Stack]<UL><LI>Max Depth = 36<LI>Call Chain = CGU_UpdateClock &rArr; __aeabi_uidivmod
</UL>
<BR>[Calls]<UL><LI><a href="#[43]">&gt;&gt;</a>&nbsp;&nbsp;&nbsp;__aeabi_uidivmod
</UL>
<BR>[Called By]<UL><LI><a href="#[3d]">&gt;&gt;</a>&nbsp;&nbsp;&nbsp;main
<LI><a href="#[50]">&gt;&gt;</a>&nbsp;&nbsp;&nbsp;CGU_Init_M4SGPIO
<LI><a href="#[46]">&gt;&gt;</a>&nbsp;&nbsp;&nbsp;CGU_Init
</UL>

<P><STRONG><a name="[47]"></a>CGU_EntityConnect</STRONG> (Thumb, 104 bytes, Stack size 12 bytes, lpc43xx_cgu.o(.text))
<BR><BR>[Stack]<UL><LI>Max Depth = 12<LI>Call Chain = CGU_EntityConnect
</UL>
<BR>[Called By]<UL><LI><a href="#[3d]">&gt;&gt;</a>&nbsp;&nbsp;&nbsp;main
<LI><a href="#[50]">&gt;&gt;</a>&nbsp;&nbsp;&nbsp;CGU_Init_M4SGPIO
<LI><a href="#[46]">&gt;&gt;</a>&nbsp;&nbsp;&nbsp;CGU_Init
</UL>

<P><STRONG><a name="[44]"></a>CGU_EnableEntity</STRONG> (Thumb, 216 bytes, Stack size 16 bytes, lpc43xx_cgu.o(.text))
<BR><BR>[Stack]<UL><LI>Max Depth = 20<LI>Call Chain = CGU_EnableEntity &rArr; scu_pinmux
</UL>
<BR>[Calls]<UL><LI><a href="#[45]">&gt;&gt;</a>&nbsp;&nbsp;&nbsp;scu_pinmux
</UL>
<BR>[Called By]<UL><LI><a href="#[3d]">&gt;&gt;</a>&nbsp;&nbsp;&nbsp;main
<LI><a href="#[50]">&gt;&gt;</a>&nbsp;&nbsp;&nbsp;CGU_Init_M4SGPIO
<LI><a href="#[48]">&gt;&gt;</a>&nbsp;&nbsp;&nbsp;CGU_ConfigPWR
<LI><a href="#[46]">&gt;&gt;</a>&nbsp;&nbsp;&nbsp;CGU_Init
</UL>

<P><STRONG><a name="[52]"></a>CGU_SetPLL1</STRONG> (Thumb, 110 bytes, Stack size 16 bytes, lpc43xx_cgu.o(.text))
<BR><BR>[Stack]<UL><LI>Max Depth = 16<LI>Call Chain = CGU_SetPLL1
</UL>
<BR>[Called By]<UL><LI><a href="#[3d]">&gt;&gt;</a>&nbsp;&nbsp;&nbsp;main
<LI><a href="#[50]">&gt;&gt;</a>&nbsp;&nbsp;&nbsp;CGU_Init_M4SGPIO
</UL>

<P><STRONG><a name="[51]"></a>CGU_SetXTALOSC</STRONG> (Thumb, 40 bytes, Stack size 0 bytes, lpc43xx_cgu.o(.text))
<BR><BR>[Called By]<UL><LI><a href="#[3d]">&gt;&gt;</a>&nbsp;&nbsp;&nbsp;main
<LI><a href="#[50]">&gt;&gt;</a>&nbsp;&nbsp;&nbsp;CGU_Init_M4SGPIO
</UL>

<P><STRONG><a name="[46]"></a>CGU_Init</STRONG> (Thumb, 150 bytes, Stack size 24 bytes, lpc43xx_cgu.o(.text), UNUSED)
<BR><BR>[Calls]<UL><LI><a href="#[44]">&gt;&gt;</a>&nbsp;&nbsp;&nbsp;CGU_EnableEntity
<LI><a href="#[47]">&gt;&gt;</a>&nbsp;&nbsp;&nbsp;CGU_EntityConnect
<LI><a href="#[42]">&gt;&gt;</a>&nbsp;&nbsp;&nbsp;CGU_UpdateClock
</UL>

<P><STRONG><a name="[49]"></a>CGU_GetBaseStatus</STRONG> (Thumb, 148 bytes, Stack size 0 bytes, lpc43xx_cgu.o(.text), UNUSED)
<BR><BR>[Called By]<UL><LI><a href="#[48]">&gt;&gt;</a>&nbsp;&nbsp;&nbsp;CGU_ConfigPWR
</UL>

<P><STRONG><a name="[48]"></a>CGU_ConfigPWR</STRONG> (Thumb, 332 bytes, Stack size 32 bytes, lpc43xx_cgu.o(.text), UNUSED)
<BR><BR>[Calls]<UL><LI><a href="#[48]">&gt;&gt;</a>&nbsp;&nbsp;&nbsp;CGU_ConfigPWR
<LI><a href="#[49]">&gt;&gt;</a>&nbsp;&nbsp;&nbsp;CGU_GetBaseStatus
<LI><a href="#[44]">&gt;&gt;</a>&nbsp;&nbsp;&nbsp;CGU_EnableEntity
</UL>
<BR>[Called By]<UL><LI><a href="#[48]">&gt;&gt;</a>&nbsp;&nbsp;&nbsp;CGU_ConfigPWR
</UL>

<P><STRONG><a name="[5d]"></a>CGU_GetPCLKFrequency</STRONG> (Thumb, 100 bytes, Stack size 8 bytes, lpc43xx_cgu.o(.text), UNUSED)

<P><STRONG><a name="[53]"></a>CGU_SetDIV</STRONG> (Thumb, 48 bytes, Stack size 0 bytes, lpc43xx_cgu.o(.text))
<BR><BR>[Called By]<UL><LI><a href="#[3d]">&gt;&gt;</a>&nbsp;&nbsp;&nbsp;main
<LI><a href="#[50]">&gt;&gt;</a>&nbsp;&nbsp;&nbsp;CGU_Init_M4SGPIO
</UL>

<P><STRONG><a name="[5e]"></a>CGU_SetPLL0</STRONG> (Thumb, 26 bytes, Stack size 0 bytes, lpc43xx_cgu.o(.text), UNUSED)

<P><STRONG><a name="[5f]"></a>CGU_SetPLL0audio</STRONG> (Thumb, 28 bytes, Stack size 0 bytes, lpc43xx_cgu.o(.text), UNUSED)

<P><STRONG><a name="[4b]"></a>CGU_FrequencyMonitor</STRONG> (Thumb, 118 bytes, Stack size 16 bytes, lpc43xx_cgu.o(.text), UNUSED)
<BR><BR>[Called By]<UL><LI><a href="#[4a]">&gt;&gt;</a>&nbsp;&nbsp;&nbsp;CGU_RealFrequencyCompare
</UL>

<P><STRONG><a name="[4a]"></a>CGU_RealFrequencyCompare</STRONG> (Thumb, 62 bytes, Stack size 32 bytes, lpc43xx_cgu.o(.text), UNUSED)
<BR><BR>[Calls]<UL><LI><a href="#[4b]">&gt;&gt;</a>&nbsp;&nbsp;&nbsp;CGU_FrequencyMonitor
</UL>

<P><STRONG><a name="[4d]"></a>DMAMUX_Config</STRONG> (Thumb, 216 bytes, Stack size 8 bytes, lpc43xx_gpdma.o(.text), UNUSED)
<BR><BR>[Called By]<UL><LI><a href="#[4c]">&gt;&gt;</a>&nbsp;&nbsp;&nbsp;GPDMA_Setup
</UL>

<P><STRONG><a name="[58]"></a>GPDMA_Init</STRONG> (Thumb, 36 bytes, Stack size 0 bytes, lpc43xx_gpdma.o(.text))
<BR><BR>[Called By]<UL><LI><a href="#[3f]">&gt;&gt;</a>&nbsp;&nbsp;&nbsp;start_m0 (via Veneer)
</UL>

<P><STRONG><a name="[4c]"></a>GPDMA_Setup</STRONG> (Thumb, 384 bytes, Stack size 20 bytes, lpc43xx_gpdma.o(.text), UNUSED)
<BR><BR>[Calls]<UL><LI><a href="#[4d]">&gt;&gt;</a>&nbsp;&nbsp;&nbsp;DMAMUX_Config
</UL>

<P><STRONG><a name="[57]"></a>GPDMA_ChannelCmd</STRONG> (Thumb, 26 bytes, Stack size 0 bytes, lpc43xx_gpdma.o(.text))
<BR><BR>[Called By]<UL><LI><a href="#[3f]">&gt;&gt;</a>&nbsp;&nbsp;&nbsp;start_m0 (via Veneer)
<LI><a href="#[56]">&gt;&gt;</a>&nbsp;&nbsp;&nbsp;Setup_DMAChl (via Veneer)
</UL>

<P><STRONG><a name="[60]"></a>GPDMA_IntGetStatus</STRONG> (Thumb, 78 bytes, Stack size 0 bytes, lpc43xx_gpdma.o(.text), UNUSED)

<P><STRONG><a name="[61]"></a>GPDMA_ClearIntPending</STRONG> (Thumb, 20 bytes, Stack size 0 bytes, lpc43xx_gpdma.o(.text), UNUSED)

<P><STRONG><a name="[4e]"></a>copy_VectorTable</STRONG> (Thumb, 28 bytes, Stack size 8 bytes, main_m4.o(.text), UNUSED)
<BR><BR>[Calls]<UL><LI><a href="#[4f]">&gt;&gt;</a>&nbsp;&nbsp;&nbsp;__aeabi_memcpy4
</UL>

<P><STRONG><a name="[62]"></a>putdata</STRONG> (Thumb, 88 bytes, Stack size 16 bytes, main_m4.o(.text), UNUSED)

<P><STRONG><a name="[63]"></a>WaitMS</STRONG> (Thumb, 28 bytes, Stack size 0 bytes, main_m4.o(.text), UNUSED)

<P><STRONG><a name="[50]"></a>CGU_Init_M4SGPIO</STRONG> (Thumb, 116 bytes, Stack size 8 bytes, main_m4.o(.text), UNUSED)
<BR><BR>[Calls]<UL><LI><a href="#[53]">&gt;&gt;</a>&nbsp;&nbsp;&nbsp;CGU_SetDIV
<LI><a href="#[51]">&gt;&gt;</a>&nbsp;&nbsp;&nbsp;CGU_SetXTALOSC
<LI><a href="#[52]">&gt;&gt;</a>&nbsp;&nbsp;&nbsp;CGU_SetPLL1
<LI><a href="#[44]">&gt;&gt;</a>&nbsp;&nbsp;&nbsp;CGU_EnableEntity
<LI><a href="#[47]">&gt;&gt;</a>&nbsp;&nbsp;&nbsp;CGU_EntityConnect
<LI><a href="#[42]">&gt;&gt;</a>&nbsp;&nbsp;&nbsp;CGU_UpdateClock
</UL>

<P><STRONG><a name="[54]"></a>setupSGPIO</STRONG> (Thumb, 260 bytes, Stack size 16 bytes, main_m4.o(.text))
<BR><BR>[Stack]<UL><LI>Max Depth = 16<LI>Call Chain = setupSGPIO
</UL>
<BR>[Called By]<UL><LI><a href="#[3d]">&gt;&gt;</a>&nbsp;&nbsp;&nbsp;main
</UL>

<P><STRONG><a name="[3d]"></a>main</STRONG> (Thumb, 262 bytes, Stack size 24 bytes, main_m4.o(.text))
<BR><BR>[Stack]<UL><LI>Max Depth = 60<LI>Call Chain = main &rArr; CGU_UpdateClock &rArr; __aeabi_uidivmod
</UL>
<BR>[Calls]<UL><LI><a href="#[4f]">&gt;&gt;</a>&nbsp;&nbsp;&nbsp;__aeabi_memcpy4
<LI><a href="#[54]">&gt;&gt;</a>&nbsp;&nbsp;&nbsp;setupSGPIO
<LI><a href="#[53]">&gt;&gt;</a>&nbsp;&nbsp;&nbsp;CGU_SetDIV
<LI><a href="#[51]">&gt;&gt;</a>&nbsp;&nbsp;&nbsp;CGU_SetXTALOSC
<LI><a href="#[52]">&gt;&gt;</a>&nbsp;&nbsp;&nbsp;CGU_SetPLL1
<LI><a href="#[44]">&gt;&gt;</a>&nbsp;&nbsp;&nbsp;CGU_EnableEntity
<LI><a href="#[47]">&gt;&gt;</a>&nbsp;&nbsp;&nbsp;CGU_EntityConnect
<LI><a href="#[42]">&gt;&gt;</a>&nbsp;&nbsp;&nbsp;CGU_UpdateClock
</UL>
<BR>[Address Reference Count : 1]<UL><LI> entry8.o(.ARM.Collect$$$$00000009)
</UL>
<P><STRONG><a name="[64]"></a>__aeabi_uidiv</STRONG> (Thumb, 0 bytes, Stack size 12 bytes, uidiv.o(.text), UNUSED)

<P><STRONG><a name="[43]"></a>__aeabi_uidivmod</STRONG> (Thumb, 44 bytes, Stack size 12 bytes, uidiv.o(.text))
<BR><BR>[Stack]<UL><LI>Max Depth = 12<LI>Call Chain = __aeabi_uidivmod
</UL>
<BR>[Called By]<UL><LI><a href="#[42]">&gt;&gt;</a>&nbsp;&nbsp;&nbsp;CGU_UpdateClock
</UL>

<P><STRONG><a name="[65]"></a>__aeabi_memcpy</STRONG> (Thumb, 36 bytes, Stack size 0 bytes, memcpya.o(.text), UNUSED)

<P><STRONG><a name="[4f]"></a>__aeabi_memcpy4</STRONG> (Thumb, 0 bytes, Stack size 0 bytes, memcpya.o(.text))
<BR><BR>[Called By]<UL><LI><a href="#[3d]">&gt;&gt;</a>&nbsp;&nbsp;&nbsp;main
<LI><a href="#[4e]">&gt;&gt;</a>&nbsp;&nbsp;&nbsp;copy_VectorTable
</UL>

<P><STRONG><a name="[66]"></a>__aeabi_memcpy8</STRONG> (Thumb, 0 bytes, Stack size 0 bytes, memcpya.o(.text), UNUSED)

<P><STRONG><a name="[41]"></a>__scatterload</STRONG> (Thumb, 28 bytes, Stack size 0 bytes, init.o(.text))
<BR><BR>[Calls]<UL><LI><a href="#[55]">&gt;&gt;</a>&nbsp;&nbsp;&nbsp;__main_after_scatterload
</UL>
<BR>[Called By]<UL><LI><a href="#[40]">&gt;&gt;</a>&nbsp;&nbsp;&nbsp;_main_scatterload
</UL>

<P><STRONG><a name="[67]"></a>__scatterload_rt2</STRONG> (Thumb, 0 bytes, Stack size 0 bytes, init.o(.text), UNUSED)

<P><STRONG><a name="[68]"></a>__scatterload_copy</STRONG> (Thumb, 14 bytes, Stack size unknown bytes, handlers.o(i.__scatterload_copy), UNUSED)

<P><STRONG><a name="[69]"></a>__scatterload_null</STRONG> (Thumb, 2 bytes, Stack size unknown bytes, handlers.o(i.__scatterload_null), UNUSED)

<P><STRONG><a name="[6a]"></a>__scatterload_zeroinit</STRONG> (Thumb, 14 bytes, Stack size unknown bytes, handlers.o(i.__scatterload_zeroinit), UNUSED)

<P><STRONG><a name="[56]"></a>Setup_DMAChl</STRONG> (Thumb, 82 bytes, Stack size 16 bytes, sgpio_pg.o(.text), UNUSED)
<BR><BR>[Calls]<UL><LI><a href="#[57]">&gt;&gt;</a>&nbsp;&nbsp;&nbsp;GPDMA_ChannelCmd (via Veneer)
</UL>

<P><STRONG><a name="[3f]"></a>start_m0</STRONG> (Thumb, 102 bytes, Stack size 0 bytes, sgpio_pg.o(.text))
<BR><BR>[Calls]<UL><LI><a href="#[57]">&gt;&gt;</a>&nbsp;&nbsp;&nbsp;GPDMA_ChannelCmd (via Veneer)
<LI><a href="#[58]">&gt;&gt;</a>&nbsp;&nbsp;&nbsp;GPDMA_Init (via Veneer)
</UL>
<BR>[Address Reference Count : 1]<UL><LI> main_m4.o(.text)
</UL>
<P><STRONG><a name="[29]"></a>SGPIO_IRQHandler</STRONG> (Thumb, 56 bytes, Stack size 0 bytes, sgpio_pg.o(.text))
<BR>[Address Reference Count : 1]<UL><LI> startup_lpc43xx.o(RESET)
</UL><P>
<H3>
Local Symbols
</H3><P>
<H3>
Undefined Global Symbols
</H3><HR></body></html>
